
         /\      Grafana   /‾‾/  
    /\  /  \     |\  __   /  /   
   /  \/    \    | |/ /  /   ‾‾\ 
  /          \   |   (  |  (‾)  |
 / __________ \  |_|\_\  \_____/ 


     execution: local
        script: voting_api_load_test.js
        output: -

     scenarios: (100.00%) 2 scenarios, 2400 max VUs, 31s max duration (incl. graceful stop):
              * amount_payment: 300.00 iterations/s for 1s (maxVUs: 600-1200, exec: amountPayment, gracefulStop: 30s)
              * package_payment: 300.00 iterations/s for 1s (maxVUs: 600-1200, exec: packagePayment, gracefulStop: 30s)


Run               [ 100% ] setup()
amount_payment    [   0% ]
package_payment   [   0% ]

running (01.1s), 0420/1200 VUs, 0 complete and 0 interrupted iterations
amount_payment    [  78% ] 0195/0600 VUs  0.8s/1s  300.00 iters/s
package_payment   [  78% ] 0225/0600 VUs  0.8s/1s  300.00 iters/s

running (02.0s), 0605/1200 VUs, 0 complete and 0 interrupted iterations
amount_payment  ↓ [ 100% ] 0286/0600 VUs  1s  300.00 iters/s
package_payment ↓ [ 100% ] 0261/0600 VUs  1s  300.00 iters/s

running (03.3s), 0600/1200 VUs, 5 complete and 0 interrupted iterations
amount_payment  ↓ [ 100% ] 0286/0600 VUs  1s  300.00 iters/s
package_payment ↓ [ 100% ] 0261/0600 VUs  1s  300.00 iters/s

running (04.6s), 0593/1200 VUs, 12 complete and 0 interrupted iterations
amount_payment  ↓ [ 100% ] 0286/0600 VUs  1s  300.00 iters/s
package_payment ↓ [ 100% ] 0261/0600 VUs  1s  300.00 iters/s

running (05.0s), 0510/1200 VUs, 95 complete and 0 interrupted iterations
amount_payment  ↓ [ 100% ] 0286/0600 VUs  1s  300.00 iters/s
package_payment ↓ [ 100% ] 0261/0600 VUs  1s  300.00 iters/s

running (06.0s), 0471/1200 VUs, 134 complete and 0 interrupted iterations
amount_payment  ↓ [ 100% ] 0286/0600 VUs  1s  300.00 iters/s
package_payment ↓ [ 100% ] 0261/0600 VUs  1s  300.00 iters/s

running (07.0s), 0397/1200 VUs, 208 complete and 0 interrupted iterations
amount_payment  ↓ [ 100% ] 0286/0600 VUs  1s  300.00 iters/s
package_payment ↓ [ 100% ] 0261/0600 VUs  1s  300.00 iters/s

running (08.0s), 0314/1200 VUs, 291 complete and 0 interrupted iterations
amount_payment  ↓ [ 100% ] 0286/0600 VUs  1s  300.00 iters/s
package_payment ↓ [ 100% ] 0261/0600 VUs  1s  300.00 iters/s

running (09.0s), 0285/1200 VUs, 320 complete and 0 interrupted iterations
amount_payment  ↓ [ 100% ] 0286/0600 VUs  1s  300.00 iters/s
package_payment ↓ [ 100% ] 0261/0600 VUs  1s  300.00 iters/s

running (10.0s), 0281/1200 VUs, 324 complete and 0 interrupted iterations
amount_payment  ↓ [ 100% ] 0286/0600 VUs  1s  300.00 iters/s
package_payment ↓ [ 100% ] 0261/0600 VUs  1s  300.00 iters/s

running (11.0s), 0277/1200 VUs, 328 complete and 0 interrupted iterations
amount_payment  ↓ [ 100% ] 0286/0600 VUs  1s  300.00 iters/s
package_payment ↓ [ 100% ] 0261/0600 VUs  1s  300.00 iters/s

running (12.0s), 0274/1200 VUs, 331 complete and 0 interrupted iterations
amount_payment  ↓ [ 100% ] 0286/0600 VUs  1s  300.00 iters/s
package_payment ↓ [ 100% ] 0261/0600 VUs  1s  300.00 iters/s

running (13.0s), 0265/1200 VUs, 340 complete and 0 interrupted iterations
amount_payment  ↓ [ 100% ] 0286/0600 VUs  1s  300.00 iters/s
package_payment ↓ [ 100% ] 0261/0600 VUs  1s  300.00 iters/s

running (14.0s), 0261/1200 VUs, 344 complete and 0 interrupted iterations
amount_payment  ↓ [ 100% ] 0286/0600 VUs  1s  300.00 iters/s
package_payment ↓ [ 100% ] 0261/0600 VUs  1s  300.00 iters/s

running (15.0s), 0255/1200 VUs, 350 complete and 0 interrupted iterations
amount_payment  ↓ [ 100% ] 0286/0600 VUs  1s  300.00 iters/s
package_payment ↓ [ 100% ] 0261/0600 VUs  1s  300.00 iters/s

running (16.0s), 0246/1200 VUs, 359 complete and 0 interrupted iterations
amount_payment  ↓ [ 100% ] 0286/0600 VUs  1s  300.00 iters/s
package_payment ↓ [ 100% ] 0261/0600 VUs  1s  300.00 iters/s

running (17.0s), 0239/1200 VUs, 366 complete and 0 interrupted iterations
amount_payment  ↓ [ 100% ] 0286/0600 VUs  1s  300.00 iters/s
package_payment ↓ [ 100% ] 0261/0600 VUs  1s  300.00 iters/s

running (18.0s), 0229/1200 VUs, 376 complete and 0 interrupted iterations
amount_payment  ↓ [ 100% ] 0286/0600 VUs  1s  300.00 iters/s
package_payment ↓ [ 100% ] 0261/0600 VUs  1s  300.00 iters/s

running (19.0s), 0215/1200 VUs, 390 complete and 0 interrupted iterations
amount_payment  ↓ [ 100% ] 0286/0600 VUs  1s  300.00 iters/s
package_payment ↓ [ 100% ] 0261/0600 VUs  1s  300.00 iters/s

running (20.0s), 0208/1200 VUs, 397 complete and 0 interrupted iterations
amount_payment  ↓ [ 100% ] 0286/0600 VUs  1s  300.00 iters/s
package_payment ↓ [ 100% ] 0261/0600 VUs  1s  300.00 iters/s

running (21.0s), 0195/1200 VUs, 410 complete and 0 interrupted iterations
amount_payment  ↓ [ 100% ] 0286/0600 VUs  1s  300.00 iters/s
package_payment ↓ [ 100% ] 0261/0600 VUs  1s  300.00 iters/s

running (22.0s), 0183/1200 VUs, 422 complete and 0 interrupted iterations
amount_payment  ↓ [ 100% ] 0286/0600 VUs  1s  300.00 iters/s
package_payment ↓ [ 100% ] 0261/0600 VUs  1s  300.00 iters/s

running (23.0s), 0163/1200 VUs, 442 complete and 0 interrupted iterations
amount_payment  ↓ [ 100% ] 0286/0600 VUs  1s  300.00 iters/s
package_payment ↓ [ 100% ] 0261/0600 VUs  1s  300.00 iters/s

running (24.0s), 0149/1200 VUs, 456 complete and 0 interrupted iterations
amount_payment  ↓ [ 100% ] 0286/0600 VUs  1s  300.00 iters/s
package_payment ↓ [ 100% ] 0261/0600 VUs  1s  300.00 iters/s

running (25.0s), 0134/1200 VUs, 471 complete and 0 interrupted iterations
amount_payment  ↓ [ 100% ] 0286/0600 VUs  1s  300.00 iters/s
package_payment ↓ [ 100% ] 0261/0600 VUs  1s  300.00 iters/s

running (26.0s), 0108/1200 VUs, 497 complete and 0 interrupted iterations
amount_payment  ↓ [ 100% ] 0286/0600 VUs  1s  300.00 iters/s
package_payment ↓ [ 100% ] 0261/0600 VUs  1s  300.00 iters/s

running (27.0s), 0084/1200 VUs, 521 complete and 0 interrupted iterations
amount_payment  ↓ [ 100% ] 0286/0600 VUs  1s  300.00 iters/s
package_payment ↓ [ 100% ] 0261/0600 VUs  1s  300.00 iters/s

running (28.0s), 0050/1200 VUs, 555 complete and 0 interrupted iterations
amount_payment  ↓ [ 100% ] 0286/0600 VUs  1s  300.00 iters/s
package_payment ↓ [ 100% ] 0261/0600 VUs  1s  300.00 iters/s

running (29.0s), 0024/1200 VUs, 581 complete and 0 interrupted iterations
amount_payment  ↓ [ 100% ] 0286/0600 VUs  1s  300.00 iters/s
package_payment ↓ [ 100% ] 0261/0600 VUs  1s  300.00 iters/s


  █ THRESHOLDS 

    http_req_duration
    ✗ 'p(95)<3000' p(95)=24.47s

    http_req_failed
    ✓ 'rate<0.05' rate=0.00%


  █ TOTAL RESULTS 

    checks_total.......: 605    20.349956/s
    checks_succeeded...: 47.60% 288 out of 605
    checks_failed......: 52.39% 317 out of 605

    ✗ amount: response status is SUCCESS
      ↳  43% — ✓ 132 / ✗ 172
    ✗ package: response status is SUCCESS
      ↳  51% — ✓ 156 / ✗ 145

    CUSTOM
    amount_failed_amount...........: 5160000 173563.257649/s
    amount_failed_count............: 172     5.785442/s
    amount_success_amount..........: 3960000 133199.709358/s
    amount_success_count...........: 132     4.43999/s
    failed_requests................: 317     10.662704/s
    package_failed_amount..........: 290000  9754.52417/s
    package_failed_count...........: 145     4.877262/s
    package_success_amount.........: 312000  10494.522555/s
    package_success_count..........: 156     5.247261/s
    unknown_state_requests.........: 317     10.662704/s

    HTTP
    http_req_duration..............: avg=11.06s min=43.12ms med=5.65s max=26.12s p(90)=23.6s  p(95)=24.47s
      { expected_response:true }...: avg=11.06s min=43.12ms med=5.65s max=26.12s p(90)=23.6s  p(95)=24.47s
    http_req_failed................: 0.00%   0 out of 607
    http_reqs......................: 607     20.417228/s

    EXECUTION
    iteration_duration.............: avg=13.3s  min=1.7s    med=7.39s max=28.56s p(90)=26.56s p(95)=27.61s
    iterations.....................: 605     20.349956/s
    vus............................: 24      min=0           max=605 
    vus_max........................: 1200    min=1200        max=1200

    NETWORK
    data_received..................: 3.3 MB  112 kB/s
    data_sent......................: 1.3 MB  43 kB/s




running (29.7s), 0000/1200 VUs, 605 complete and 0 interrupted iterations
amount_payment  ✓ [ 100% ] 0000/0600 VUs  1s  300.00 iters/s
package_payment ✓ [ 100% ] 0000/0600 VUs  1s  300.00 iters/s
